// Jest Snapshot v1, https://goo.gl/fbAQLP

exports[`ContactForm is rendering matchess snapshot 1`] = `[Function]`;
